// Jest Snapshot v1, https://goo.gl/fbAQLP

exports[`Features in PlaceDetailsInside are not rendered correctly 1`] = `
<div
  className="property__inside"
>
  <h2
    className="property__inside-title"
  >
    What's inside
  </h2>
  <ul
    className="property__inside-list"
  >
    <li
      className="property__inside-item"
    >
      Wi-Fi
    </li>
    <li
      className="property__inside-item"
    >
      Washing machine
    </li>
    <li
      className="property__inside-item"
    >
      Towels
    </li>
    <li
      className="property__inside-item"
    >
      Heating
    </li>
    <li
      className="property__inside-item"
    >
      Coffee machine
    </li>
    <li
      className="property__inside-item"
    >
      Baby seat
    </li>
    <li
      className="property__inside-item"
    >
      Kitchen
    </li>
    <li
      className="property__inside-item"
    >
      Dishwasher
    </li>
  </ul>
</div>
`;
