// Jest Snapshot v1, https://goo.gl/fbAQLP

exports[`Render Profile Navigation 1`] = `
<nav
  className="header__nav"
>
  <div
    style={
      Object {
        "color": "red",
        "fontSize": "20px",
      }
    }
  >
    
  </div>
  <ul
    className="header__nav-list"
  >
    <li
      className="header__nav-item user"
      onClick={[Function]}
    >
      <a
        className="header__nav-link header__nav-link--profile"
        href="#"
      >
        <div
          className="header__avatar-wrapper user__avatar-wrapper"
        />
        <span
          className="header__user-name user__name"
        >
          fff@fff.ru
        </span>
      </a>
    </li>
  </ul>
</nav>
`;
